Wed Jul 22 10:59:07 2026       
+-----------------------------------------------------------------------------------------+
| NVIDIA-SMI 595.58.03              Driver Version: 595.58.03      CUDA Version: 13.2     |
+-----------------------------------------+------------------------+----------------------+
| GPU  Name                 Persistence-M | Bus-Id          Disp.A | Volatile Uncorr. ECC |
| Fan  Temp   Perf          Pwr:Usage/Cap |           Memory-Usage | GPU-Util  Compute M. |
|                                         |                        |               MIG M. |
|=========================================+========================+======================|
|   0  NVIDIA A100-SXM4-40GB          Off |   00000000:07:00.0 Off |                    0 |
| N/A   27C    P0             52W /  400W |       0MiB /  40960MiB |      0%      Default |
|                                         |                        |             Disabled |
+-----------------------------------------+------------------------+----------------------+
|   1  NVIDIA A100-SXM4-40GB          Off |   00000000:0A:00.0 Off |                    0 |
| N/A   25C    P0             50W /  400W |       0MiB /  40960MiB |      0%      Default |
|                                         |                        |             Disabled |
+-----------------------------------------+------------------------+----------------------+
|   2  NVIDIA A100-SXM4-40GB          Off |   00000000:47:00.0 Off |                    0 |
| N/A   25C    P0             56W /  400W |       0MiB /  40960MiB |      0%      Default |
|                                         |                        |             Disabled |
+-----------------------------------------+------------------------+----------------------+
|   3  NVIDIA A100-SXM4-40GB          Off |   00000000:4D:00.0 Off |                    0 |
| N/A   29C    P0             58W /  400W |       0MiB /  40960MiB |      0%      Default |
|                                         |                        |             Disabled |
+-----------------------------------------+------------------------+----------------------+
|   4  NVIDIA A100-SXM4-40GB          Off |   00000000:87:00.0 Off |                    0 |
| N/A   27C    P0             55W /  400W |       0MiB /  40960MiB |      0%      Default |
|                                         |                        |             Disabled |
+-----------------------------------------+------------------------+----------------------+
|   5  NVIDIA A100-SXM4-40GB          Off |   00000000:C7:00.0 Off |                    0 |
| N/A   25C    P0             53W /  400W |       0MiB /  40960MiB |      0%      Default |
|                                         |                        |             Disabled |
+-----------------------------------------+------------------------+----------------------+
|   6  NVIDIA A100-SXM4-40GB          Off |   00000000:CA:00.0 Off |                    0 |
| N/A   27C    P0             54W /  400W |       0MiB /  40960MiB |      0%      Default |
|                                         |                        |             Disabled |
+-----------------------------------------+------------------------+----------------------+

+-----------------------------------------------------------------------------------------+
| Processes:                                                                              |
|  GPU   GI   CI              PID   Type   Process name                        GPU Memory |
|        ID   ID                                                               Usage      |
|=========================================================================================|
|  No running processes found                                                             |
+-----------------------------------------------------------------------------------------+
/home/anoroozi25/.conda/envs/bg_macrel/lib/python3.12/site-packages/pytorch_lightning/utilities/parsing.py:213: Attribute 'refolding_validator' is an instance of `nn.Module` and is already saved during checkpointing. It is recommended to ignore them using `self.save_hyperparameters(ignore=['refolding_validator'])`.
Initializing distributed: GLOBAL_RANK: 0, MEMBER: 1/7
Initializing distributed: GLOBAL_RANK: 2, MEMBER: 3/7
Initializing distributed: GLOBAL_RANK: 3, MEMBER: 4/7
Initializing distributed: GLOBAL_RANK: 6, MEMBER: 7/7
Initializing distributed: GLOBAL_RANK: 1, MEMBER: 2/7
Initializing distributed: GLOBAL_RANK: 5, MEMBER: 6/7
Initializing distributed: GLOBAL_RANK: 4, MEMBER: 5/7
wandb: WARNING The anonymous setting has no effect and will be removed in a future version.
wandb: [wandb.login()] Loaded credentials for https://api.wandb.ai from /home/anoroozi25/.netrc.
wandb: Currently logged in as: noroozi-alirezaa (noroozi-alirezaa-no-compan) to https://api.wandb.ai. Use `wandb login --relogin` to force relogin
wandb: setting up run l6jz1z5g
wandb: Tracking run with wandb version 0.28.0
wandb: Run data is saved locally in workdir_new_new/boltzgen_small/wandb/run-20260722_110230-l6jz1z5g
wandb: Run `wandb offline` to turn off syncing.
wandb: Syncing run boltzgen_small
wandb: ⭐️ View project at https://wandb.ai/noroozi-alirezaa-no-compan/boltzgen
wandb: 🚀 View run at https://wandb.ai/noroozi-alirezaa-no-compan/boltzgen/runs/l6jz1z5g
train_records before filter 219229
train_records after filter 45886
val_records after filter 378
Training dataset size: 92482
Validation dataset size: 378
monomer_split ./boltzgen/resources/splits/val_monomers_boltzgen_min50_max220.txt
monomer_split ['8gm6', '8p35', '7z3g', '8t9n', '8f8n', '8b6e', '8tgb', '8j9q', '8p5n', '8bsa', '7z3f', '8b4c', '8h0l', '8gm7', '8cgm', '8bau', '7ysf', '8j0h', '8oxh', '8r8c', '8cm1', '8bl3', '8oqh', '8ey3', '8jng', '8jn0', '8ev5', '7yd4', '8b2e', '8bas', '8bbz', '8baq', '8jnm', '8oyw', '8syj', '7y5m', '7qrl', '7y19', '7z3b', '8gsy', '8an4', '8uk7', '8gn3', '8v1k', '8oxl', '8t8k', '8oyv', '8t8l', '8b2g', '7wlh', '8hna', '8tfs', '8fjg', '8ju8', '8ok3', '8p2a', '7wu8', '7xp9', '8j98', '8t4c', '8eov', '8gj9', '8ovu', '7tal', '7vs2', '8oxj', '8ah9', '8bl6', '8p5p', '8p4y', '8bsb', '8eb9', '8sxs', '8gyr', '8p2b', '7ykm', '8oys', '8jnl', '8t5j', '8veh', '8oxk', '8tnm', '8bgb', '8ev4', '8bar', '8ehn', '8j1x', '8fjf', '8hjj', '8kca', '8gn4', '7z3i', '8f5g', '8g64', '8r8a', '8sot', '8g8k', '8ini', '8j1w', '8jws', '8u0x', '8gmx', '8j9r', '8axj', '8ec3', '8jwd', '8fr5', '8gth', '8bhu', '8fzy']
ligand_split ./boltzgen/resources/splits/val_ccd_pdb_pairs_boltzgen.txt
ligand_split ['wf6_7fzc', 'whi_7fzp', 'lm9_7fwb', 'won_7g1l', 'zi8_8shj', 'swo_8j19', 'svi_7go2', 'iqh_7fvw', 'qko_8boe', 'wqc_7g1y', 'tqo_7fxr', 'iux_7zg3', 'vmr_8og7', 'lkx_7gcf', 'w9k_7fys', 'ls9_8adr', '5iy_8hxo', 'zv8_7g9y', 'jgx_7ymj', 'vi0_7fy6', 'wpz_7g1t', 'te0_7gp7', 'wqh_7g1z', 'qll_7fx7', 'wen_7fzb', 'q0o_7fwu', 'ot9_7fwp', 'zdf_8gem', '5yt_8hxp', 'uto_8cj7', 's8x_7fxk', 'q63_5so3', 'u0o_7gqn', 'z4i_8gd4', 'yxw_8g89', 'zcf_8geu', '60j_8hyd', '5z2_8hxu', 'noi_7gek', 'iwi_7fvy', 'xe3_8wsm', '5zx_8jao', 'zq2_8ph7', 'wyw_8h7n', 'wyo_7g15', 'tja_7gpn', 'p6x_7fwr', 'zug_7g9q', 'x7c_8p8k', '5zu_8hy1', 'p9x_8ihk', 'se1_8dj3', 'tz9_7go5', 'tqc_7goj', 'qxf_8bjk', 'vj3_7fyc', 'ouf_7ggd', 'w7u_7fyi', 'sy0_8c11', 'o6q_7fwl', 'o9u_7fwm', 'm1u_8agp', 'r80_7fxc', 'ikq_7g21', 'xno_8fx5', 'zdk_8gev', 'wmq_7g17', 'ngx_7ged', 'od3_8i67', 'lo0_7gco', 'kox_8a0s', 'wgw_7fzm', 'yjn_8g3c', 'wkn_7g0l', 'z5h_8gd2', 'whn_7fzr', 'tjl_7gpe', 'uof_7g0k', 'nq3_7gel', 'nrx_7geo', 'wea_7fz6', 'uor_7fy2', '5zd_8hxv', 'st0_7gnx', 'vvl_7fyg', 'u7f_8cc4', 'nt6_7umo', 'mwr_7fwg', 'w9w_7fyx', 'wmf_7g10', 'itf_8hoc', 'tzj_7fxt', 'y2s_8e1o', 'w8c_7fyk', 'qg0_7fx0', 'yw6_8pif', 'wyn_8h7i', 'qbx_7fwy', 'u2i_8dii', 'r9o_7fxf', 'q7e_5soa']
train_records before filter 219229
train_records after filter 45886
val_records after filter 378
Training dataset size: 92482
Validation dataset size: 378
monomer_split ./boltzgen/resources/splits/val_monomers_boltzgen_min50_max220.txt
monomer_split ['8gm6', '8p35', '7z3g', '8t9n', '8f8n', '8b6e', '8tgb', '8j9q', '8p5n', '8bsa', '7z3f', '8b4c', '8h0l', '8gm7', '8cgm', '8bau', '7ysf', '8j0h', '8oxh', '8r8c', '8cm1', '8bl3', '8oqh', '8ey3', '8jng', '8jn0', '8ev5', '7yd4', '8b2e', '8bas', '8bbz', '8baq', '8jnm', '8oyw', '8syj', '7y5m', '7qrl', '7y19', '7z3b', '8gsy', '8an4', '8uk7', '8gn3', '8v1k', '8oxl', '8t8k', '8oyv', '8t8l', '8b2g', '7wlh', '8hna', '8tfs', '8fjg', '8ju8', '8ok3', '8p2a', '7wu8', '7xp9', '8j98', '8t4c', '8eov', '8gj9', '8ovu', '7tal', '7vs2', '8oxj', '8ah9', '8bl6', '8p5p', '8p4y', '8bsb', '8eb9', '8sxs', '8gyr', '8p2b', '7ykm', '8oys', '8jnl', '8t5j', '8veh', '8oxk', '8tnm', '8bgb', '8ev4', '8bar', '8ehn', '8j1x', '8fjf', '8hjj', '8kca', '8gn4', '7z3i', '8f5g', '8g64', '8r8a', '8sot', '8g8k', '8ini', '8j1w', '8jws', '8u0x', '8gmx', '8j9r', '8axj', '8ec3', '8jwd', '8fr5', '8gth', '8bhu', '8fzy']
ligand_split ./boltzgen/resources/splits/val_ccd_pdb_pairs_boltzgen.txt
ligand_split ['wf6_7fzc', 'whi_7fzp', 'lm9_7fwb', 'won_7g1l', 'zi8_8shj', 'swo_8j19', 'svi_7go2', 'iqh_7fvw', 'qko_8boe', 'wqc_7g1y', 'tqo_7fxr', 'iux_7zg3', 'vmr_8og7', 'lkx_7gcf', 'w9k_7fys', 'ls9_8adr', '5iy_8hxo', 'zv8_7g9y', 'jgx_7ymj', 'vi0_7fy6', 'wpz_7g1t', 'te0_7gp7', 'wqh_7g1z', 'qll_7fx7', 'wen_7fzb', 'q0o_7fwu', 'ot9_7fwp', 'zdf_8gem', '5yt_8hxp', 'uto_8cj7', 's8x_7fxk', 'q63_5so3', 'u0o_7gqn', 'z4i_8gd4', 'yxw_8g89', 'zcf_8geu', '60j_8hyd', '5z2_8hxu', 'noi_7gek', 'iwi_7fvy', 'xe3_8wsm', '5zx_8jao', 'zq2_8ph7', 'wyw_8h7n', 'wyo_7g15', 'tja_7gpn', 'p6x_7fwr', 'zug_7g9q', 'x7c_8p8k', '5zu_8hy1', 'p9x_8ihk', 'se1_8dj3', 'tz9_7go5', 'tqc_7goj', 'qxf_8bjk', 'vj3_7fyc', 'ouf_7ggd', 'w7u_7fyi', 'sy0_8c11', 'o6q_7fwl', 'o9u_7fwm', 'm1u_8agp', 'r80_7fxc', 'ikq_7g21', 'xno_8fx5', 'zdk_8gev', 'wmq_7g17', 'ngx_7ged', 'od3_8i67', 'lo0_7gco', 'kox_8a0s', 'wgw_7fzm', 'yjn_8g3c', 'wkn_7g0l', 'z5h_8gd2', 'whn_7fzr', 'tjl_7gpe', 'uof_7g0k', 'nq3_7gel', 'nrx_7geo', 'wea_7fz6', 'uor_7fy2', '5zd_8hxv', 'st0_7gnx', 'vvl_7fyg', 'u7f_8cc4', 'nt6_7umo', 'mwr_7fwg', 'w9w_7fyx', 'wmf_7g10', 'itf_8hoc', 'tzj_7fxt', 'y2s_8e1o', 'w8c_7fyk', 'qg0_7fx0', 'yw6_8pif', 'wyn_8h7i', 'qbx_7fwy', 'u2i_8dii', 'r9o_7fxf', 'q7e_5soa']
train_records before filter 219229
train_records after filter 45886
val_records after filter 378
Training dataset size: 92482
Validation dataset size: 378
monomer_split ./boltzgen/resources/splits/val_monomers_boltzgen_min50_max220.txt
monomer_split ['8gm6', '8p35', '7z3g', '8t9n', '8f8n', '8b6e', '8tgb', '8j9q', '8p5n', '8bsa', '7z3f', '8b4c', '8h0l', '8gm7', '8cgm', '8bau', '7ysf', '8j0h', '8oxh', '8r8c', '8cm1', '8bl3', '8oqh', '8ey3', '8jng', '8jn0', '8ev5', '7yd4', '8b2e', '8bas', '8bbz', '8baq', '8jnm', '8oyw', '8syj', '7y5m', '7qrl', '7y19', '7z3b', '8gsy', '8an4', '8uk7', '8gn3', '8v1k', '8oxl', '8t8k', '8oyv', '8t8l', '8b2g', '7wlh', '8hna', '8tfs', '8fjg', '8ju8', '8ok3', '8p2a', '7wu8', '7xp9', '8j98', '8t4c', '8eov', '8gj9', '8ovu', '7tal', '7vs2', '8oxj', '8ah9', '8bl6', '8p5p', '8p4y', '8bsb', '8eb9', '8sxs', '8gyr', '8p2b', '7ykm', '8oys', '8jnl', '8t5j', '8veh', '8oxk', '8tnm', '8bgb', '8ev4', '8bar', '8ehn', '8j1x', '8fjf', '8hjj', '8kca', '8gn4', '7z3i', '8f5g', '8g64', '8r8a', '8sot', '8g8k', '8ini', '8j1w', '8jws', '8u0x', '8gmx', '8j9r', '8axj', '8ec3', '8jwd', '8fr5', '8gth', '8bhu', '8fzy']
ligand_split ./boltzgen/resources/splits/val_ccd_pdb_pairs_boltzgen.txt
ligand_split ['wf6_7fzc', 'whi_7fzp', 'lm9_7fwb', 'won_7g1l', 'zi8_8shj', 'swo_8j19', 'svi_7go2', 'iqh_7fvw', 'qko_8boe', 'wqc_7g1y', 'tqo_7fxr', 'iux_7zg3', 'vmr_8og7', 'lkx_7gcf', 'w9k_7fys', 'ls9_8adr', '5iy_8hxo', 'zv8_7g9y', 'jgx_7ymj', 'vi0_7fy6', 'wpz_7g1t', 'te0_7gp7', 'wqh_7g1z', 'qll_7fx7', 'wen_7fzb', 'q0o_7fwu', 'ot9_7fwp', 'zdf_8gem', '5yt_8hxp', 'uto_8cj7', 's8x_7fxk', 'q63_5so3', 'u0o_7gqn', 'z4i_8gd4', 'yxw_8g89', 'zcf_8geu', '60j_8hyd', '5z2_8hxu', 'noi_7gek', 'iwi_7fvy', 'xe3_8wsm', '5zx_8jao', 'zq2_8ph7', 'wyw_8h7n', 'wyo_7g15', 'tja_7gpn', 'p6x_7fwr', 'zug_7g9q', 'x7c_8p8k', '5zu_8hy1', 'p9x_8ihk', 'se1_8dj3', 'tz9_7go5', 'tqc_7goj', 'qxf_8bjk', 'vj3_7fyc', 'ouf_7ggd', 'w7u_7fyi', 'sy0_8c11', 'o6q_7fwl', 'o9u_7fwm', 'm1u_8agp', 'r80_7fxc', 'ikq_7g21', 'xno_8fx5', 'zdk_8gev', 'wmq_7g17', 'ngx_7ged', 'od3_8i67', 'lo0_7gco', 'kox_8a0s', 'wgw_7fzm', 'yjn_8g3c', 'wkn_7g0l', 'z5h_8gd2', 'whn_7fzr', 'tjl_7gpe', 'uof_7g0k', 'nq3_7gel', 'nrx_7geo', 'wea_7fz6', 'uor_7fy2', '5zd_8hxv', 'st0_7gnx', 'vvl_7fyg', 'u7f_8cc4', 'nt6_7umo', 'mwr_7fwg', 'w9w_7fyx', 'wmf_7g10', 'itf_8hoc', 'tzj_7fxt', 'y2s_8e1o', 'w8c_7fyk', 'qg0_7fx0', 'yw6_8pif', 'wyn_8h7i', 'qbx_7fwy', 'u2i_8dii', 'r9o_7fxf', 'q7e_5soa']
train_records before filter 219229
train_records after filter 45886
val_records after filter 378
Training dataset size: 92482
Validation dataset size: 378
monomer_split ./boltzgen/resources/splits/val_monomers_boltzgen_min50_max220.txt
monomer_split ['8gm6', '8p35', '7z3g', '8t9n', '8f8n', '8b6e', '8tgb', '8j9q', '8p5n', '8bsa', '7z3f', '8b4c', '8h0l', '8gm7', '8cgm', '8bau', '7ysf', '8j0h', '8oxh', '8r8c', '8cm1', '8bl3', '8oqh', '8ey3', '8jng', '8jn0', '8ev5', '7yd4', '8b2e', '8bas', '8bbz', '8baq', '8jnm', '8oyw', '8syj', '7y5m', '7qrl', '7y19', '7z3b', '8gsy', '8an4', '8uk7', '8gn3', '8v1k', '8oxl', '8t8k', '8oyv', '8t8l', '8b2g', '7wlh', '8hna', '8tfs', '8fjg', '8ju8', '8ok3', '8p2a', '7wu8', '7xp9', '8j98', '8t4c', '8eov', '8gj9', '8ovu', '7tal', '7vs2', '8oxj', '8ah9', '8bl6', '8p5p', '8p4y', '8bsb', '8eb9', '8sxs', '8gyr', '8p2b', '7ykm', '8oys', '8jnl', '8t5j', '8veh', '8oxk', '8tnm', '8bgb', '8ev4', '8bar', '8ehn', '8j1x', '8fjf', '8hjj', '8kca', '8gn4', '7z3i', '8f5g', '8g64', '8r8a', '8sot', '8g8k', '8ini', '8j1w', '8jws', '8u0x', '8gmx', '8j9r', '8axj', '8ec3', '8jwd', '8fr5', '8gth', '8bhu', '8fzy']
ligand_split ./boltzgen/resources/splits/val_ccd_pdb_pairs_boltzgen.txt
ligand_split ['wf6_7fzc', 'whi_7fzp', 'lm9_7fwb', 'won_7g1l', 'zi8_8shj', 'swo_8j19', 'svi_7go2', 'iqh_7fvw', 'qko_8boe', 'wqc_7g1y', 'tqo_7fxr', 'iux_7zg3', 'vmr_8og7', 'lkx_7gcf', 'w9k_7fys', 'ls9_8adr', '5iy_8hxo', 'zv8_7g9y', 'jgx_7ymj', 'vi0_7fy6', 'wpz_7g1t', 'te0_7gp7', 'wqh_7g1z', 'qll_7fx7', 'wen_7fzb', 'q0o_7fwu', 'ot9_7fwp', 'zdf_8gem', '5yt_8hxp', 'uto_8cj7', 's8x_7fxk', 'q63_5so3', 'u0o_7gqn', 'z4i_8gd4', 'yxw_8g89', 'zcf_8geu', '60j_8hyd', '5z2_8hxu', 'noi_7gek', 'iwi_7fvy', 'xe3_8wsm', '5zx_8jao', 'zq2_8ph7', 'wyw_8h7n', 'wyo_7g15', 'tja_7gpn', 'p6x_7fwr', 'zug_7g9q', 'x7c_8p8k', '5zu_8hy1', 'p9x_8ihk', 'se1_8dj3', 'tz9_7go5', 'tqc_7goj', 'qxf_8bjk', 'vj3_7fyc', 'ouf_7ggd', 'w7u_7fyi', 'sy0_8c11', 'o6q_7fwl', 'o9u_7fwm', 'm1u_8agp', 'r80_7fxc', 'ikq_7g21', 'xno_8fx5', 'zdk_8gev', 'wmq_7g17', 'ngx_7ged', 'od3_8i67', 'lo0_7gco', 'kox_8a0s', 'wgw_7fzm', 'yjn_8g3c', 'wkn_7g0l', 'z5h_8gd2', 'whn_7fzr', 'tjl_7gpe', 'uof_7g0k', 'nq3_7gel', 'nrx_7geo', 'wea_7fz6', 'uor_7fy2', '5zd_8hxv', 'st0_7gnx', 'vvl_7fyg', 'u7f_8cc4', 'nt6_7umo', 'mwr_7fwg', 'w9w_7fyx', 'wmf_7g10', 'itf_8hoc', 'tzj_7fxt', 'y2s_8e1o', 'w8c_7fyk', 'qg0_7fx0', 'yw6_8pif', 'wyn_8h7i', 'qbx_7fwy', 'u2i_8dii', 'r9o_7fxf', 'q7e_5soa']
[rank6]: Traceback (most recent call last):
[rank6]:   File "/scratch/anoroozi25/boltzgen/train.py", line 384, in <module>
[rank6]:     trainer.fit(
[rank6]:   File "/home/anoroozi25/.conda/envs/bg_macrel/lib/python3.12/site-packages/pytorch_lightning/trainer/trainer.py", line 584, in fit
[rank6]:     call._call_and_handle_interrupt(
[rank6]:   File "/home/anoroozi25/.conda/envs/bg_macrel/lib/python3.12/site-packages/pytorch_lightning/trainer/call.py", line 48, in _call_and_handle_interrupt
[rank6]:     return trainer.strategy.launcher.launch(trainer_fn, *args, trainer=trainer, **kwargs)
[rank6]:            ^^^^^^^^^^^^^^^^^^^^^^^^^^^^^^^^^^^^^^^^^^^^^^^^^^^^^^^^^^^^^^^^^^^^^^^^^^^^^^
[rank6]:   File "/home/anoroozi25/.conda/envs/bg_macrel/lib/python3.12/site-packages/pytorch_lightning/strategies/launchers/subprocess_script.py", line 105, in launch
[rank6]:     return function(*args, **kwargs)
[rank6]:            ^^^^^^^^^^^^^^^^^^^^^^^^^
[rank6]:   File "/home/anoroozi25/.conda/envs/bg_macrel/lib/python3.12/site-packages/pytorch_lightning/trainer/trainer.py", line 630, in _fit_impl
[rank6]:     self._run(model, ckpt_path=ckpt_path, weights_only=weights_only)
[rank6]:   File "/home/anoroozi25/.conda/envs/bg_macrel/lib/python3.12/site-packages/pytorch_lightning/trainer/trainer.py", line 1053, in _run
[rank6]:     self.strategy.setup(self)
[rank6]:   File "/home/anoroozi25/.conda/envs/bg_macrel/lib/python3.12/site-packages/pytorch_lightning/strategies/ddp.py", line 172, in setup
[rank6]:     self.configure_ddp()
[rank6]:   File "/home/anoroozi25/.conda/envs/bg_macrel/lib/python3.12/site-packages/pytorch_lightning/strategies/ddp.py", line 287, in configure_ddp
[rank6]:     self.model = self._setup_model(self.model)
[rank6]:                  ^^^^^^^^^^^^^^^^^^^^^^^^^^^^^
[rank6]:   File "/home/anoroozi25/.conda/envs/bg_macrel/lib/python3.12/site-packages/pytorch_lightning/strategies/ddp.py", line 196, in _setup_model
[rank6]:     return DistributedDataParallel(module=model, device_ids=device_ids, **self._ddp_kwargs)
[rank6]:            ^^^^^^^^^^^^^^^^^^^^^^^^^^^^^^^^^^^^^^^^^^^^^^^^^^^^^^^^^^^^^^^^^^^^^^^^^^^^^^^^
[rank6]:   File "/home/anoroozi25/.conda/envs/bg_macrel/lib/python3.12/site-packages/torch/nn/parallel/distributed.py", line 738, in __init__
[rank6]:     self._log_and_throw(
[rank6]:   File "/home/anoroozi25/.conda/envs/bg_macrel/lib/python3.12/site-packages/torch/nn/parallel/distributed.py", line 1161, in _log_and_throw
[rank6]:     raise err_type(err_msg)
[rank6]: RuntimeError: DistributedDataParallel is not needed when a module doesn't have any parameter that requires a gradient.
[rank4]: Traceback (most recent call last):
[rank4]:   File "/scratch/anoroozi25/boltzgen/train.py", line 384, in <module>
[rank4]:     trainer.fit(
[rank4]:   File "/home/anoroozi25/.conda/envs/bg_macrel/lib/python3.12/site-packages/pytorch_lightning/trainer/trainer.py", line 584, in fit
[rank4]:     call._call_and_handle_interrupt(
[rank4]:   File "/home/anoroozi25/.conda/envs/bg_macrel/lib/python3.12/site-packages/pytorch_lightning/trainer/call.py", line 48, in _call_and_handle_interrupt
[rank4]:     return trainer.strategy.launcher.launch(trainer_fn, *args, trainer=trainer, **kwargs)
[rank4]:            ^^^^^^^^^^^^^^^^^^^^^^^^^^^^^^^^^^^^^^^^^^^^^^^^^^^^^^^^^^^^^^^^^^^^^^^^^^^^^^
[rank4]:   File "/home/anoroozi25/.conda/envs/bg_macrel/lib/python3.12/site-packages/pytorch_lightning/strategies/launchers/subprocess_script.py", line 105, in launch
[rank4]:     return function(*args, **kwargs)
[rank4]:            ^^^^^^^^^^^^^^^^^^^^^^^^^
[rank4]:   File "/home/anoroozi25/.conda/envs/bg_macrel/lib/python3.12/site-packages/pytorch_lightning/trainer/trainer.py", line 630, in _fit_impl
[rank4]:     self._run(model, ckpt_path=ckpt_path, weights_only=weights_only)
[rank4]:   File "/home/anoroozi25/.conda/envs/bg_macrel/lib/python3.12/site-packages/pytorch_lightning/trainer/trainer.py", line 1053, in _run
[rank4]:     self.strategy.setup(self)
[rank4]:   File "/home/anoroozi25/.conda/envs/bg_macrel/lib/python3.12/site-packages/pytorch_lightning/strategies/ddp.py", line 172, in setup
[rank4]:     self.configure_ddp()
[rank4]:   File "/home/anoroozi25/.conda/envs/bg_macrel/lib/python3.12/site-packages/pytorch_lightning/strategies/ddp.py", line 287, in configure_ddp
[rank4]:     self.model = self._setup_model(self.model)
[rank4]:                  ^^^^^^^^^^^^^^^^^^^^^^^^^^^^^
[rank4]:   File "/home/anoroozi25/.conda/envs/bg_macrel/lib/python3.12/site-packages/pytorch_lightning/strategies/ddp.py", line 196, in _setup_model
[rank4]:     return DistributedDataParallel(module=model, device_ids=device_ids, **self._ddp_kwargs)
[rank4]:            ^^^^^^^^^^^^^^^^^^^^^^^^^^^^^^^^^^^^^^^^^^^^^^^^^^^^^^^^^^^^^^^^^^^^^^^^^^^^^^^^
[rank4]:   File "/home/anoroozi25/.conda/envs/bg_macrel/lib/python3.12/site-packages/torch/nn/parallel/distributed.py", line 738, in __init__
[rank4]:     self._log_and_throw(
[rank4]:   File "/home/anoroozi25/.conda/envs/bg_macrel/lib/python3.12/site-packages/torch/nn/parallel/distributed.py", line 1161, in _log_and_throw
[rank4]:     raise err_type(err_msg)
[rank4]: RuntimeError: DistributedDataParallel is not needed when a module doesn't have any parameter that requires a gradient.
[rank1]: Traceback (most recent call last):
[rank1]:   File "/scratch/anoroozi25/boltzgen/train.py", line 384, in <module>
[rank1]:     trainer.fit(
[rank1]:   File "/home/anoroozi25/.conda/envs/bg_macrel/lib/python3.12/site-packages/pytorch_lightning/trainer/trainer.py", line 584, in fit
[rank1]:     call._call_and_handle_interrupt(
[rank1]:   File "/home/anoroozi25/.conda/envs/bg_macrel/lib/python3.12/site-packages/pytorch_lightning/trainer/call.py", line 48, in _call_and_handle_interrupt
[rank1]:     return trainer.strategy.launcher.launch(trainer_fn, *args, trainer=trainer, **kwargs)
[rank1]:            ^^^^^^^^^^^^^^^^^^^^^^^^^^^^^^^^^^^^^^^^^^^^^^^^^^^^^^^^^^^^^^^^^^^^^^^^^^^^^^
[rank1]:   File "/home/anoroozi25/.conda/envs/bg_macrel/lib/python3.12/site-packages/pytorch_lightning/strategies/launchers/subprocess_script.py", line 105, in launch
[rank1]:     return function(*args, **kwargs)
[rank1]:            ^^^^^^^^^^^^^^^^^^^^^^^^^
[rank1]:   File "/home/anoroozi25/.conda/envs/bg_macrel/lib/python3.12/site-packages/pytorch_lightning/trainer/trainer.py", line 630, in _fit_impl
[rank1]:     self._run(model, ckpt_path=ckpt_path, weights_only=weights_only)
[rank1]:   File "/home/anoroozi25/.conda/envs/bg_macrel/lib/python3.12/site-packages/pytorch_lightning/trainer/trainer.py", line 1053, in _run
[rank1]:     self.strategy.setup(self)
[rank1]:   File "/home/anoroozi25/.conda/envs/bg_macrel/lib/python3.12/site-packages/pytorch_lightning/strategies/ddp.py", line 172, in setup
[rank1]:     self.configure_ddp()
[rank1]:   File "/home/anoroozi25/.conda/envs/bg_macrel/lib/python3.12/site-packages/pytorch_lightning/strategies/ddp.py", line 287, in configure_ddp
[rank1]:     self.model = self._setup_model(self.model)
[rank1]:                  ^^^^^^^^^^^^^^^^^^^^^^^^^^^^^
[rank1]:   File "/home/anoroozi25/.conda/envs/bg_macrel/lib/python3.12/site-packages/pytorch_lightning/strategies/ddp.py", line 196, in _setup_model
[rank1]:     return DistributedDataParallel(module=model, device_ids=device_ids, **self._ddp_kwargs)
[rank1]:            ^^^^^^^^^^^^^^^^^^^^^^^^^^^^^^^^^^^^^^^^^^^^^^^^^^^^^^^^^^^^^^^^^^^^^^^^^^^^^^^^
[rank1]:   File "/home/anoroozi25/.conda/envs/bg_macrel/lib/python3.12/site-packages/torch/nn/parallel/distributed.py", line 738, in __init__
[rank1]:     self._log_and_throw(
[rank1]:   File "/home/anoroozi25/.conda/envs/bg_macrel/lib/python3.12/site-packages/torch/nn/parallel/distributed.py", line 1161, in _log_and_throw
[rank1]:     raise err_type(err_msg)
[rank1]: RuntimeError: DistributedDataParallel is not needed when a module doesn't have any parameter that requires a gradient.
[rank5]: Traceback (most recent call last):
[rank5]:   File "/scratch/anoroozi25/boltzgen/train.py", line 384, in <module>
[rank5]:     trainer.fit(
[rank5]:   File "/home/anoroozi25/.conda/envs/bg_macrel/lib/python3.12/site-packages/pytorch_lightning/trainer/trainer.py", line 584, in fit
[rank5]:     call._call_and_handle_interrupt(
[rank5]:   File "/home/anoroozi25/.conda/envs/bg_macrel/lib/python3.12/site-packages/pytorch_lightning/trainer/call.py", line 48, in _call_and_handle_interrupt
[rank5]:     return trainer.strategy.launcher.launch(trainer_fn, *args, trainer=trainer, **kwargs)
[rank5]:            ^^^^^^^^^^^^^^^^^^^^^^^^^^^^^^^^^^^^^^^^^^^^^^^^^^^^^^^^^^^^^^^^^^^^^^^^^^^^^^
[rank5]:   File "/home/anoroozi25/.conda/envs/bg_macrel/lib/python3.12/site-packages/pytorch_lightning/strategies/launchers/subprocess_script.py", line 105, in launch
[rank5]:     return function(*args, **kwargs)
[rank5]:            ^^^^^^^^^^^^^^^^^^^^^^^^^
[rank5]:   File "/home/anoroozi25/.conda/envs/bg_macrel/lib/python3.12/site-packages/pytorch_lightning/trainer/trainer.py", line 630, in _fit_impl
[rank5]:     self._run(model, ckpt_path=ckpt_path, weights_only=weights_only)
[rank5]:   File "/home/anoroozi25/.conda/envs/bg_macrel/lib/python3.12/site-packages/pytorch_lightning/trainer/trainer.py", line 1053, in _run
[rank5]:     self.strategy.setup(self)
[rank5]:   File "/home/anoroozi25/.conda/envs/bg_macrel/lib/python3.12/site-packages/pytorch_lightning/strategies/ddp.py", line 172, in setup
[rank5]:     self.configure_ddp()
[rank5]:   File "/home/anoroozi25/.conda/envs/bg_macrel/lib/python3.12/site-packages/pytorch_lightning/strategies/ddp.py", line 287, in configure_ddp
[rank5]:     self.model = self._setup_model(self.model)
[rank5]:                  ^^^^^^^^^^^^^^^^^^^^^^^^^^^^^
[rank5]:   File "/home/anoroozi25/.conda/envs/bg_macrel/lib/python3.12/site-packages/pytorch_lightning/strategies/ddp.py", line 196, in _setup_model
[rank5]:     return DistributedDataParallel(module=model, device_ids=device_ids, **self._ddp_kwargs)
[rank5]:            ^^^^^^^^^^^^^^^^^^^^^^^^^^^^^^^^^^^^^^^^^^^^^^^^^^^^^^^^^^^^^^^^^^^^^^^^^^^^^^^^
[rank5]:   File "/home/anoroozi25/.conda/envs/bg_macrel/lib/python3.12/site-packages/torch/nn/parallel/distributed.py", line 738, in __init__
[rank5]:     self._log_and_throw(
[rank5]:   File "/home/anoroozi25/.conda/envs/bg_macrel/lib/python3.12/site-packages/torch/nn/parallel/distributed.py", line 1161, in _log_and_throw
[rank5]:     raise err_type(err_msg)
[rank5]: RuntimeError: DistributedDataParallel is not needed when a module doesn't have any parameter that requires a gradient.
train_records before filter 219229
train_records after filter 45886
val_records after filter 378
Training dataset size: 92482
Validation dataset size: 378
monomer_split ./boltzgen/resources/splits/val_monomers_boltzgen_min50_max220.txt
monomer_split ['8gm6', '8p35', '7z3g', '8t9n', '8f8n', '8b6e', '8tgb', '8j9q', '8p5n', '8bsa', '7z3f', '8b4c', '8h0l', '8gm7', '8cgm', '8bau', '7ysf', '8j0h', '8oxh', '8r8c', '8cm1', '8bl3', '8oqh', '8ey3', '8jng', '8jn0', '8ev5', '7yd4', '8b2e', '8bas', '8bbz', '8baq', '8jnm', '8oyw', '8syj', '7y5m', '7qrl', '7y19', '7z3b', '8gsy', '8an4', '8uk7', '8gn3', '8v1k', '8oxl', '8t8k', '8oyv', '8t8l', '8b2g', '7wlh', '8hna', '8tfs', '8fjg', '8ju8', '8ok3', '8p2a', '7wu8', '7xp9', '8j98', '8t4c', '8eov', '8gj9', '8ovu', '7tal', '7vs2', '8oxj', '8ah9', '8bl6', '8p5p', '8p4y', '8bsb', '8eb9', '8sxs', '8gyr', '8p2b', '7ykm', '8oys', '8jnl', '8t5j', '8veh', '8oxk', '8tnm', '8bgb', '8ev4', '8bar', '8ehn', '8j1x', '8fjf', '8hjj', '8kca', '8gn4', '7z3i', '8f5g', '8g64', '8r8a', '8sot', '8g8k', '8ini', '8j1w', '8jws', '8u0x', '8gmx', '8j9r', '8axj', '8ec3', '8jwd', '8fr5', '8gth', '8bhu', '8fzy']
ligand_split ./boltzgen/resources/splits/val_ccd_pdb_pairs_boltzgen.txt
ligand_split ['wf6_7fzc', 'whi_7fzp', 'lm9_7fwb', 'won_7g1l', 'zi8_8shj', 'swo_8j19', 'svi_7go2', 'iqh_7fvw', 'qko_8boe', 'wqc_7g1y', 'tqo_7fxr', 'iux_7zg3', 'vmr_8og7', 'lkx_7gcf', 'w9k_7fys', 'ls9_8adr', '5iy_8hxo', 'zv8_7g9y', 'jgx_7ymj', 'vi0_7fy6', 'wpz_7g1t', 'te0_7gp7', 'wqh_7g1z', 'qll_7fx7', 'wen_7fzb', 'q0o_7fwu', 'ot9_7fwp', 'zdf_8gem', '5yt_8hxp', 'uto_8cj7', 's8x_7fxk', 'q63_5so3', 'u0o_7gqn', 'z4i_8gd4', 'yxw_8g89', 'zcf_8geu', '60j_8hyd', '5z2_8hxu', 'noi_7gek', 'iwi_7fvy', 'xe3_8wsm', '5zx_8jao', 'zq2_8ph7', 'wyw_8h7n', 'wyo_7g15', 'tja_7gpn', 'p6x_7fwr', 'zug_7g9q', 'x7c_8p8k', '5zu_8hy1', 'p9x_8ihk', 'se1_8dj3', 'tz9_7go5', 'tqc_7goj', 'qxf_8bjk', 'vj3_7fyc', 'ouf_7ggd', 'w7u_7fyi', 'sy0_8c11', 'o6q_7fwl', 'o9u_7fwm', 'm1u_8agp', 'r80_7fxc', 'ikq_7g21', 'xno_8fx5', 'zdk_8gev', 'wmq_7g17', 'ngx_7ged', 'od3_8i67', 'lo0_7gco', 'kox_8a0s', 'wgw_7fzm', 'yjn_8g3c', 'wkn_7g0l', 'z5h_8gd2', 'whn_7fzr', 'tjl_7gpe', 'uof_7g0k', 'nq3_7gel', 'nrx_7geo', 'wea_7fz6', 'uor_7fy2', '5zd_8hxv', 'st0_7gnx', 'vvl_7fyg', 'u7f_8cc4', 'nt6_7umo', 'mwr_7fwg', 'w9w_7fyx', 'wmf_7g10', 'itf_8hoc', 'tzj_7fxt', 'y2s_8e1o', 'w8c_7fyk', 'qg0_7fx0', 'yw6_8pif', 'wyn_8h7i', 'qbx_7fwy', 'u2i_8dii', 'r9o_7fxf', 'q7e_5soa']
train_records before filter 219229
train_records after filter 45886
val_records after filter 378
Training dataset size: 92482
Validation dataset size: 378
monomer_split ./boltzgen/resources/splits/val_monomers_boltzgen_min50_max220.txt
monomer_split ['8gm6', '8p35', '7z3g', '8t9n', '8f8n', '8b6e', '8tgb', '8j9q', '8p5n', '8bsa', '7z3f', '8b4c', '8h0l', '8gm7', '8cgm', '8bau', '7ysf', '8j0h', '8oxh', '8r8c', '8cm1', '8bl3', '8oqh', '8ey3', '8jng', '8jn0', '8ev5', '7yd4', '8b2e', '8bas', '8bbz', '8baq', '8jnm', '8oyw', '8syj', '7y5m', '7qrl', '7y19', '7z3b', '8gsy', '8an4', '8uk7', '8gn3', '8v1k', '8oxl', '8t8k', '8oyv', '8t8l', '8b2g', '7wlh', '8hna', '8tfs', '8fjg', '8ju8', '8ok3', '8p2a', '7wu8', '7xp9', '8j98', '8t4c', '8eov', '8gj9', '8ovu', '7tal', '7vs2', '8oxj', '8ah9', '8bl6', '8p5p', '8p4y', '8bsb', '8eb9', '8sxs', '8gyr', '8p2b', '7ykm', '8oys', '8jnl', '8t5j', '8veh', '8oxk', '8tnm', '8bgb', '8ev4', '8bar', '8ehn', '8j1x', '8fjf', '8hjj', '8kca', '8gn4', '7z3i', '8f5g', '8g64', '8r8a', '8sot', '8g8k', '8ini', '8j1w', '8jws', '8u0x', '8gmx', '8j9r', '8axj', '8ec3', '8jwd', '8fr5', '8gth', '8bhu', '8fzy']
ligand_split ./boltzgen/resources/splits/val_ccd_pdb_pairs_boltzgen.txt
ligand_split ['wf6_7fzc', 'whi_7fzp', 'lm9_7fwb', 'won_7g1l', 'zi8_8shj', 'swo_8j19', 'svi_7go2', 'iqh_7fvw', 'qko_8boe', 'wqc_7g1y', 'tqo_7fxr', 'iux_7zg3', 'vmr_8og7', 'lkx_7gcf', 'w9k_7fys', 'ls9_8adr', '5iy_8hxo', 'zv8_7g9y', 'jgx_7ymj', 'vi0_7fy6', 'wpz_7g1t', 'te0_7gp7', 'wqh_7g1z', 'qll_7fx7', 'wen_7fzb', 'q0o_7fwu', 'ot9_7fwp', 'zdf_8gem', '5yt_8hxp', 'uto_8cj7', 's8x_7fxk', 'q63_5so3', 'u0o_7gqn', 'z4i_8gd4', 'yxw_8g89', 'zcf_8geu', '60j_8hyd', '5z2_8hxu', 'noi_7gek', 'iwi_7fvy', 'xe3_8wsm', '5zx_8jao', 'zq2_8ph7', 'wyw_8h7n', 'wyo_7g15', 'tja_7gpn', 'p6x_7fwr', 'zug_7g9q', 'x7c_8p8k', '5zu_8hy1', 'p9x_8ihk', 'se1_8dj3', 'tz9_7go5', 'tqc_7goj', 'qxf_8bjk', 'vj3_7fyc', 'ouf_7ggd', 'w7u_7fyi', 'sy0_8c11', 'o6q_7fwl', 'o9u_7fwm', 'm1u_8agp', 'r80_7fxc', 'ikq_7g21', 'xno_8fx5', 'zdk_8gev', 'wmq_7g17', 'ngx_7ged', 'od3_8i67', 'lo0_7gco', 'kox_8a0s', 'wgw_7fzm', 'yjn_8g3c', 'wkn_7g0l', 'z5h_8gd2', 'whn_7fzr', 'tjl_7gpe', 'uof_7g0k', 'nq3_7gel', 'nrx_7geo', 'wea_7fz6', 'uor_7fy2', '5zd_8hxv', 'st0_7gnx', 'vvl_7fyg', 'u7f_8cc4', 'nt6_7umo', 'mwr_7fwg', 'w9w_7fyx', 'wmf_7g10', 'itf_8hoc', 'tzj_7fxt', 'y2s_8e1o', 'w8c_7fyk', 'qg0_7fx0', 'yw6_8pif', 'wyn_8h7i', 'qbx_7fwy', 'u2i_8dii', 'r9o_7fxf', 'q7e_5soa']
[rank2]: Traceback (most recent call last):
[rank2]:   File "/scratch/anoroozi25/boltzgen/train.py", line 384, in <module>
[rank2]:     trainer.fit(
[rank2]:   File "/home/anoroozi25/.conda/envs/bg_macrel/lib/python3.12/site-packages/pytorch_lightning/trainer/trainer.py", line 584, in fit
[rank2]:     call._call_and_handle_interrupt(
[rank2]:   File "/home/anoroozi25/.conda/envs/bg_macrel/lib/python3.12/site-packages/pytorch_lightning/trainer/call.py", line 48, in _call_and_handle_interrupt
[rank2]:     return trainer.strategy.launcher.launch(trainer_fn, *args, trainer=trainer, **kwargs)
[rank2]:            ^^^^^^^^^^^^^^^^^^^^^^^^^^^^^^^^^^^^^^^^^^^^^^^^^^^^^^^^^^^^^^^^^^^^^^^^^^^^^^
[rank2]:   File "/home/anoroozi25/.conda/envs/bg_macrel/lib/python3.12/site-packages/pytorch_lightning/strategies/launchers/subprocess_script.py", line 105, in launch
[rank2]:     return function(*args, **kwargs)
[rank2]:            ^^^^^^^^^^^^^^^^^^^^^^^^^
[rank2]:   File "/home/anoroozi25/.conda/envs/bg_macrel/lib/python3.12/site-packages/pytorch_lightning/trainer/trainer.py", line 630, in _fit_impl
[rank2]:     self._run(model, ckpt_path=ckpt_path, weights_only=weights_only)
[rank2]:   File "/home/anoroozi25/.conda/envs/bg_macrel/lib/python3.12/site-packages/pytorch_lightning/trainer/trainer.py", line 1053, in _run
[rank2]:     self.strategy.setup(self)
[rank2]:   File "/home/anoroozi25/.conda/envs/bg_macrel/lib/python3.12/site-packages/pytorch_lightning/strategies/ddp.py", line 172, in setup
[rank2]:     self.configure_ddp()
[rank2]:   File "/home/anoroozi25/.conda/envs/bg_macrel/lib/python3.12/site-packages/pytorch_lightning/strategies/ddp.py", line 287, in configure_ddp
[rank2]:     self.model = self._setup_model(self.model)
[rank2]:                  ^^^^^^^^^^^^^^^^^^^^^^^^^^^^^
[rank2]:   File "/home/anoroozi25/.conda/envs/bg_macrel/lib/python3.12/site-packages/pytorch_lightning/strategies/ddp.py", line 196, in _setup_model
[rank2]:     return DistributedDataParallel(module=model, device_ids=device_ids, **self._ddp_kwargs)
[rank2]:            ^^^^^^^^^^^^^^^^^^^^^^^^^^^^^^^^^^^^^^^^^^^^^^^^^^^^^^^^^^^^^^^^^^^^^^^^^^^^^^^^
[rank2]:   File "/home/anoroozi25/.conda/envs/bg_macrel/lib/python3.12/site-packages/torch/nn/parallel/distributed.py", line 738, in __init__
[rank2]:     self._log_and_throw(
[rank2]:   File "/home/anoroozi25/.conda/envs/bg_macrel/lib/python3.12/site-packages/torch/nn/parallel/distributed.py", line 1161, in _log_and_throw
[rank2]:     raise err_type(err_msg)
[rank2]: RuntimeError: DistributedDataParallel is not needed when a module doesn't have any parameter that requires a gradient.
train_records before filter 219229
train_records after filter 45886
val_records after filter 378
Training dataset size: 92482
Validation dataset size: 378
monomer_split ./boltzgen/resources/splits/val_monomers_boltzgen_min50_max220.txt
monomer_split ['8gm6', '8p35', '7z3g', '8t9n', '8f8n', '8b6e', '8tgb', '8j9q', '8p5n', '8bsa', '7z3f', '8b4c', '8h0l', '8gm7', '8cgm', '8bau', '7ysf', '8j0h', '8oxh', '8r8c', '8cm1', '8bl3', '8oqh', '8ey3', '8jng', '8jn0', '8ev5', '7yd4', '8b2e', '8bas', '8bbz', '8baq', '8jnm', '8oyw', '8syj', '7y5m', '7qrl', '7y19', '7z3b', '8gsy', '8an4', '8uk7', '8gn3', '8v1k', '8oxl', '8t8k', '8oyv', '8t8l', '8b2g', '7wlh', '8hna', '8tfs', '8fjg', '8ju8', '8ok3', '8p2a', '7wu8', '7xp9', '8j98', '8t4c', '8eov', '8gj9', '8ovu', '7tal', '7vs2', '8oxj', '8ah9', '8bl6', '8p5p', '8p4y', '8bsb', '8eb9', '8sxs', '8gyr', '8p2b', '7ykm', '8oys', '8jnl', '8t5j', '8veh', '8oxk', '8tnm', '8bgb', '8ev4', '8bar', '8ehn', '8j1x', '8fjf', '8hjj', '8kca', '8gn4', '7z3i', '8f5g', '8g64', '8r8a', '8sot', '8g8k', '8ini', '8j1w', '8jws', '8u0x', '8gmx', '8j9r', '8axj', '8ec3', '8jwd', '8fr5', '8gth', '8bhu', '8fzy']
ligand_split ./boltzgen/resources/splits/val_ccd_pdb_pairs_boltzgen.txt
ligand_split ['wf6_7fzc', 'whi_7fzp', 'lm9_7fwb', 'won_7g1l', 'zi8_8shj', 'swo_8j19', 'svi_7go2', 'iqh_7fvw', 'qko_8boe', 'wqc_7g1y', 'tqo_7fxr', 'iux_7zg3', 'vmr_8og7', 'lkx_7gcf', 'w9k_7fys', 'ls9_8adr', '5iy_8hxo', 'zv8_7g9y', 'jgx_7ymj', 'vi0_7fy6', 'wpz_7g1t', 'te0_7gp7', 'wqh_7g1z', 'qll_7fx7', 'wen_7fzb', 'q0o_7fwu', 'ot9_7fwp', 'zdf_8gem', '5yt_8hxp', 'uto_8cj7', 's8x_7fxk', 'q63_5so3', 'u0o_7gqn', 'z4i_8gd4', 'yxw_8g89', 'zcf_8geu', '60j_8hyd', '5z2_8hxu', 'noi_7gek', 'iwi_7fvy', 'xe3_8wsm', '5zx_8jao', 'zq2_8ph7', 'wyw_8h7n', 'wyo_7g15', 'tja_7gpn', 'p6x_7fwr', 'zug_7g9q', 'x7c_8p8k', '5zu_8hy1', 'p9x_8ihk', 'se1_8dj3', 'tz9_7go5', 'tqc_7goj', 'qxf_8bjk', 'vj3_7fyc', 'ouf_7ggd', 'w7u_7fyi', 'sy0_8c11', 'o6q_7fwl', 'o9u_7fwm', 'm1u_8agp', 'r80_7fxc', 'ikq_7g21', 'xno_8fx5', 'zdk_8gev', 'wmq_7g17', 'ngx_7ged', 'od3_8i67', 'lo0_7gco', 'kox_8a0s', 'wgw_7fzm', 'yjn_8g3c', 'wkn_7g0l', 'z5h_8gd2', 'whn_7fzr', 'tjl_7gpe', 'uof_7g0k', 'nq3_7gel', 'nrx_7geo', 'wea_7fz6', 'uor_7fy2', '5zd_8hxv', 'st0_7gnx', 'vvl_7fyg', 'u7f_8cc4', 'nt6_7umo', 'mwr_7fwg', 'w9w_7fyx', 'wmf_7g10', 'itf_8hoc', 'tzj_7fxt', 'y2s_8e1o', 'w8c_7fyk', 'qg0_7fx0', 'yw6_8pif', 'wyn_8h7i', 'qbx_7fwy', 'u2i_8dii', 'r9o_7fxf', 'q7e_5soa']
[rank3]: Traceback (most recent call last):
[rank3]:   File "/scratch/anoroozi25/boltzgen/train.py", line 384, in <module>
[rank3]:     trainer.fit(
[rank3]:   File "/home/anoroozi25/.conda/envs/bg_macrel/lib/python3.12/site-packages/pytorch_lightning/trainer/trainer.py", line 584, in fit
[rank3]:     call._call_and_handle_interrupt(
[rank3]:   File "/home/anoroozi25/.conda/envs/bg_macrel/lib/python3.12/site-packages/pytorch_lightning/trainer/call.py", line 48, in _call_and_handle_interrupt
[rank3]:     return trainer.strategy.launcher.launch(trainer_fn, *args, trainer=trainer, **kwargs)
[rank3]:            ^^^^^^^^^^^^^^^^^^^^^^^^^^^^^^^^^^^^^^^^^^^^^^^^^^^^^^^^^^^^^^^^^^^^^^^^^^^^^^
[rank3]:   File "/home/anoroozi25/.conda/envs/bg_macrel/lib/python3.12/site-packages/pytorch_lightning/strategies/launchers/subprocess_script.py", line 105, in launch
[rank3]:     return function(*args, **kwargs)
[rank3]:            ^^^^^^^^^^^^^^^^^^^^^^^^^
[rank3]:   File "/home/anoroozi25/.conda/envs/bg_macrel/lib/python3.12/site-packages/pytorch_lightning/trainer/trainer.py", line 630, in _fit_impl
[rank3]:     self._run(model, ckpt_path=ckpt_path, weights_only=weights_only)
[rank3]:   File "/home/anoroozi25/.conda/envs/bg_macrel/lib/python3.12/site-packages/pytorch_lightning/trainer/trainer.py", line 1053, in _run
[rank3]:     self.strategy.setup(self)
[rank3]:   File "/home/anoroozi25/.conda/envs/bg_macrel/lib/python3.12/site-packages/pytorch_lightning/strategies/ddp.py", line 172, in setup
[rank3]:     self.configure_ddp()
[rank3]:   File "/home/anoroozi25/.conda/envs/bg_macrel/lib/python3.12/site-packages/pytorch_lightning/strategies/ddp.py", line 287, in configure_ddp
[rank3]:     self.model = self._setup_model(self.model)
[rank3]:                  ^^^^^^^^^^^^^^^^^^^^^^^^^^^^^
[rank3]:   File "/home/anoroozi25/.conda/envs/bg_macrel/lib/python3.12/site-packages/pytorch_lightning/strategies/ddp.py", line 196, in _setup_model
[rank3]:     return DistributedDataParallel(module=model, device_ids=device_ids, **self._ddp_kwargs)
[rank3]:            ^^^^^^^^^^^^^^^^^^^^^^^^^^^^^^^^^^^^^^^^^^^^^^^^^^^^^^^^^^^^^^^^^^^^^^^^^^^^^^^^
[rank3]:   File "/home/anoroozi25/.conda/envs/bg_macrel/lib/python3.12/site-packages/torch/nn/parallel/distributed.py", line 738, in __init__
[rank3]:     self._log_and_throw(
[rank3]:   File "/home/anoroozi25/.conda/envs/bg_macrel/lib/python3.12/site-packages/torch/nn/parallel/distributed.py", line 1161, in _log_and_throw
[rank3]:     raise err_type(err_msg)
[rank3]: RuntimeError: DistributedDataParallel is not needed when a module doesn't have any parameter that requires a gradient.
Traceback (most recent call last):
  File "/scratch/anoroozi25/boltzgen/train.py", line 384, in <module>
    trainer.fit(
  File "/home/anoroozi25/.conda/envs/bg_macrel/lib/python3.12/site-packages/pytorch_lightning/trainer/trainer.py", line 584, in fit
    call._call_and_handle_interrupt(
  File "/home/anoroozi25/.conda/envs/bg_macrel/lib/python3.12/site-packages/pytorch_lightning/trainer/call.py", line 48, in _call_and_handle_interrupt
    return trainer.strategy.launcher.launch(trainer_fn, *args, trainer=trainer, **kwargs)
           ^^^^^^^^^^^^^^^^^^^^^^^^^^^^^^^^^^^^^^^^^^^^^^^^^^^^^^^^^^^^^^^^^^^^^^^^^^^^^^
  File "/home/anoroozi25/.conda/envs/bg_macrel/lib/python3.12/site-packages/pytorch_lightning/strategies/launchers/subprocess_script.py", line 105, in launch
    return function(*args, **kwargs)
           ^^^^^^^^^^^^^^^^^^^^^^^^^
  File "/home/anoroozi25/.conda/envs/bg_macrel/lib/python3.12/site-packages/pytorch_lightning/trainer/trainer.py", line 630, in _fit_impl
    self._run(model, ckpt_path=ckpt_path, weights_only=weights_only)
  File "/home/anoroozi25/.conda/envs/bg_macrel/lib/python3.12/site-packages/pytorch_lightning/trainer/trainer.py", line 1053, in _run
    self.strategy.setup(self)
  File "/home/anoroozi25/.conda/envs/bg_macrel/lib/python3.12/site-packages/pytorch_lightning/strategies/ddp.py", line 172, in setup
    self.configure_ddp()
  File "/home/anoroozi25/.conda/envs/bg_macrel/lib/python3.12/site-packages/pytorch_lightning/strategies/ddp.py", line 287, in configure_ddp
    self.model = self._setup_model(self.model)
                 ^^^^^^^^^^^^^^^^^^^^^^^^^^^^^
  File "/home/anoroozi25/.conda/envs/bg_macrel/lib/python3.12/site-packages/pytorch_lightning/strategies/ddp.py", line 196, in _setup_model
    return DistributedDataParallel(module=model, device_ids=device_ids, **self._ddp_kwargs)
           ^^^^^^^^^^^^^^^^^^^^^^^^^^^^^^^^^^^^^^^^^^^^^^^^^^^^^^^^^^^^^^^^^^^^^^^^^^^^^^^^
  File "/home/anoroozi25/.conda/envs/bg_macrel/lib/python3.12/site-packages/torch/nn/parallel/distributed.py", line 738, in __init__
    self._log_and_throw(
  File "/home/anoroozi25/.conda/envs/bg_macrel/lib/python3.12/site-packages/torch/nn/parallel/distributed.py", line 1161, in _log_and_throw
    raise err_type(err_msg)
RuntimeError: DistributedDataParallel is not needed when a module doesn't have any parameter that requires a gradient.
[rank0]: Traceback (most recent call last):
[rank0]:   File "/scratch/anoroozi25/boltzgen/train.py", line 384, in <module>
[rank0]:     trainer.fit(
[rank0]:   File "/home/anoroozi25/.conda/envs/bg_macrel/lib/python3.12/site-packages/pytorch_lightning/trainer/trainer.py", line 584, in fit
[rank0]:     call._call_and_handle_interrupt(
[rank0]:   File "/home/anoroozi25/.conda/envs/bg_macrel/lib/python3.12/site-packages/pytorch_lightning/trainer/call.py", line 48, in _call_and_handle_interrupt
[rank0]:     return trainer.strategy.launcher.launch(trainer_fn, *args, trainer=trainer, **kwargs)
[rank0]:            ^^^^^^^^^^^^^^^^^^^^^^^^^^^^^^^^^^^^^^^^^^^^^^^^^^^^^^^^^^^^^^^^^^^^^^^^^^^^^^
[rank0]:   File "/home/anoroozi25/.conda/envs/bg_macrel/lib/python3.12/site-packages/pytorch_lightning/strategies/launchers/subprocess_script.py", line 105, in launch
[rank0]:     return function(*args, **kwargs)
[rank0]:            ^^^^^^^^^^^^^^^^^^^^^^^^^
[rank0]:   File "/home/anoroozi25/.conda/envs/bg_macrel/lib/python3.12/site-packages/pytorch_lightning/trainer/trainer.py", line 630, in _fit_impl
[rank0]:     self._run(model, ckpt_path=ckpt_path, weights_only=weights_only)
[rank0]:   File "/home/anoroozi25/.conda/envs/bg_macrel/lib/python3.12/site-packages/pytorch_lightning/trainer/trainer.py", line 1053, in _run
[rank0]:     self.strategy.setup(self)
[rank0]:   File "/home/anoroozi25/.conda/envs/bg_macrel/lib/python3.12/site-packages/pytorch_lightning/strategies/ddp.py", line 172, in setup
[rank0]:     self.configure_ddp()
[rank0]:   File "/home/anoroozi25/.conda/envs/bg_macrel/lib/python3.12/site-packages/pytorch_lightning/strategies/ddp.py", line 287, in configure_ddp
[rank0]:     self.model = self._setup_model(self.model)
[rank0]:                  ^^^^^^^^^^^^^^^^^^^^^^^^^^^^^
[rank0]:   File "/home/anoroozi25/.conda/envs/bg_macrel/lib/python3.12/site-packages/pytorch_lightning/strategies/ddp.py", line 196, in _setup_model
[rank0]:     return DistributedDataParallel(module=model, device_ids=device_ids, **self._ddp_kwargs)
[rank0]:            ^^^^^^^^^^^^^^^^^^^^^^^^^^^^^^^^^^^^^^^^^^^^^^^^^^^^^^^^^^^^^^^^^^^^^^^^^^^^^^^^
[rank0]:   File "/home/anoroozi25/.conda/envs/bg_macrel/lib/python3.12/site-packages/torch/nn/parallel/distributed.py", line 738, in __init__
[rank0]:     self._log_and_throw(
[rank0]:   File "/home/anoroozi25/.conda/envs/bg_macrel/lib/python3.12/site-packages/torch/nn/parallel/distributed.py", line 1161, in _log_and_throw
[rank0]:     raise err_type(err_msg)
[rank0]: RuntimeError: DistributedDataParallel is not needed when a module doesn't have any parameter that requires a gradient.
[1;34mwandb[0m: 
[1;34mwandb[0m: 🚀 View run [33mboltzgen_small[0m at: [34mhttps://wandb.ai/noroozi-alirezaa-no-compan/boltzgen/runs/l6jz1z5g[0m
